// Jest Snapshot v1, https://goo.gl/fbAQLP

exports[`Product Main Description Product description renders, with props passed in 1`] = `ShallowWrapper {}`;
